<?php

namespace Api\User\Controller\Put;

use OpenSolid\OpenApiBundle\Attribute\Body;
use OpenSolid\OpenApiBundle\Attribute\Path;
use OpenSolid\OpenApiBundle\Routing\Attribute\Put;

final class PutUserAction
{
    #[Put('/users/{id}', tags: ['User'])]
    public function __invoke(#[Path] string $id, #[Body] PutUserBody $body): PutUserView
    {
    }
}