<?php

namespace App\Schema;

use OpenApi\Attributes\Schema;
use OpenSolid\OpenApiBundle\Attribute\Property;

#[Schema]
final readonly class UserContact
{
    #[Property(format: 'email', example: 'john.doe@example.com')]
    public string $email;
    
    #[Property(example: '+1 234 567 890')]
    public ?string $phone;
    
    #[Property(format: 'uri', example: 'https://john.dev')]
    public string $website;
}