<?php

namespace Api\User\Controller\Patch;

use OpenSolid\OpenApiBundle\Attribute\Body;
use OpenSolid\OpenApiBundle\Attribute\Path;
use OpenSolid\OpenApiBundle\Routing\Attribute\Patch;

class PatchUserAction
{
    #[Patch('/users/{id}')]
    public function __invoke(#[Path] string $id, #[Body] PatchUserBody $body): PatchUserView
    {
    }
}